    Checking typenum v1.20.1
    Checking cfg-if v1.0.5
    Checking libc v0.2.189
    Checking serde_core v1.0.229
    Checking crossbeam-utils v0.8.23
    Checking rand_core v0.10.1
    Checking once_cell v1.21.4
    Checking zmij v1.0.23
    Checking itoa v1.0.18
    Checking memchr v2.8.3
    Checking num-traits v0.2.19
    Checking smallvec v1.16.2
    Checking zeroize v1.9.0
    Checking tracing-core v0.1.36
    Checking chacha20 v0.10.2
    Checking lazy_static v1.5.0
    Checking scopeguard v1.2.0
    Checking pin-project-lite v0.2.17
    Checking crossbeam-epoch v0.9.21
    Checking log v0.4.34
    Checking rand_core v0.6.4
    Checking const-oid v0.10.2
    Checking lock_api v0.4.14
    Checking sharded-slab v0.1.7
    Checking thread_local v1.1.10
    Checking tracing-log v0.2.0
    Checking hashbrown v0.14.5
    Checking bech32 v0.9.1
    Checking cpufeatures v0.2.17
    Checking getrandom v0.4.3
    Checking num-integer v0.1.47
    Checking cpufeatures v0.3.1
    Checking keccak v0.1.6
    Checking parking_lot_core v0.9.12
    Checking base64 v0.22.1
    Checking rand v0.10.3
    Checking nu-ansi-term v0.50.3
    Checking num-bigint v0.4.8
    Checking sha1_smol v1.0.1
    Checking hex v0.4.3
    Checking generic-array v0.14.7
    Checking hybrid-array v0.4.15
    Checking crossbeam-skiplist v0.1.3
    Checking crossbeam-deque v0.8.8
    Checking tracing-subscriber v0.3.23
    Checking dashmap v6.2.1
    Checking tracing v0.1.44
    Checking crossbeam-channel v0.5.17
    Checking crossbeam-queue v0.3.14
    Checking thiserror v2.0.21
    Checking tokio v1.53.1
    Checking either v1.18.0
    Checking crypto-common v0.1.7
    Checking block-buffer v0.10.4
    Checking crossbeam v0.8.5
    Checking block-buffer v0.12.1
    Checking crypto-common v0.2.2
    Checking digest v0.10.7
    Checking sha3 v0.10.9
    Checking sha2 v0.10.9
    Checking fips204 v0.4.6
    Checking serde v1.0.229
    Checking serde_json v1.0.151
    Checking uuid v1.26.1
    Checking bitflags v2.13.2
    Checking ulid v3.0.0
    Checking digest v0.11.3
    Checking sha2 v0.11.0
    Checking nus-exchange-contract v0.1.0 (/Users/gangdongju/.paperclip/instances/default/projects/a479c266-538c-4ed6-bbf0-1f96e1f67b3e/b29572d7-fa92-4e4c-8370-a08aa50ee11a/cosmo-dex/worktrees/NUS-13/exchange)
    Checking pricelevel v0.9.2
    Checking orderbook-rs v0.13.1
    Finished `dev` profile [unoptimized + debuginfo] target(s) in 3.24s
